 Container testnet-wallet-demo-app-1  Stopping
 Container testnet-wallet-demo-app-1  Stopped
 Container testnet-wallet-demo-app-1  Recreate
 Container testnet-wallet-demo-app-1  Recreated
 Container testnet-wallet-demo-app-1  Starting
 Container testnet-wallet-demo-app-1  Started
 Container testnet-wallet-demo-app-1  Waiting
 Container testnet-wallet-demo-app-1  Healthy
PASS: version, configured access mode, public origin and CSRF checks
{
  "revision": "3a55ab854701074f6fb796ba23fe7953b67fbd8e",
  "image": "ghcr.io/a861252012/testnet-wallet-lab@sha256:37ca634d51b67c79445f73d7d5a8109bda569cddc1bbbb6a37ffd0a4b222ec18",
  "SEPOLIA_VAULT_ADDRESS": "0xDbB49ee9eC6ab924eA2D3e37Fd594b06648247bf",
  "mounts": [
    {
      "source": "/opt/testnet-wallet-lab/wallet",
      "destination": "/data/wallet"
    }
  ],
  "state": "running"
}
